// Jest Snapshot v1, https://goo.gl/fbAQLP

exports[`Loading page renders correctly 1`] = `
<div>
  <main
    class="page__main"
  >
    <h1
      class="property__name"
      style="margin-top: 45vh;"
    >
      Loading data... Please wait
    </h1>
  </main>
</div>
`;
