// Jest Snapshot v1, https://goo.gl/fbAQLP

exports[`Login form renders correctly for not authorized user (sending error) 1`] = `
<div>
  <form
    class="login__form form"
  >
    <div
      class="login__input-wrapper form__input-wrapper"
    >
      <label
        class="visually-hidden"
      >
        E-mail
      </label>
      <input
        autocomplete="false"
        class="login__input form__input"
        disabled=""
        name="email"
        placeholder="Email"
        required=""
        type="email"
      />
    </div>
    <div
      class="login__input-wrapper form__input-wrapper"
    >
      <label
        class="visually-hidden"
      >
        Password
      </label>
      <input
        autocomplete="false"
        class="login__input form__input"
        disabled=""
        name="password"
        placeholder="Password"
        required=""
        type="password"
      />
    </div>
    <button
      class="login__submit form__submit button"
      disabled=""
      type="submit"
    >
      Sign in
    </button>
    <div
      style="margin-top: 30px;"
    >
      Please enter your email and password
    </div>
    <div
      style="margin-top: 30px;"
    />
  </form>
</div>
`;

exports[`Login form renders correctly for not authorized user (sending) 1`] = `
<div>
  <form
    class="login__form form"
  >
    <div
      class="login__input-wrapper form__input-wrapper"
    >
      <label
        class="visually-hidden"
      >
        E-mail
      </label>
      <input
        autocomplete="false"
        class="login__input form__input"
        disabled=""
        name="email"
        placeholder="Email"
        required=""
        type="email"
      />
    </div>
    <div
      class="login__input-wrapper form__input-wrapper"
    >
      <label
        class="visually-hidden"
      >
        Password
      </label>
      <input
        autocomplete="false"
        class="login__input form__input"
        disabled=""
        name="password"
        placeholder="Password"
        required=""
        type="password"
      />
    </div>
    <button
      class="login__submit form__submit button"
      disabled=""
      type="submit"
    >
      Sign in
    </button>
    <div
      style="margin-top: 30px;"
    >
      Please enter your email and password
    </div>
    <div
      style="margin-top: 30px;"
    />
  </form>
</div>
`;

exports[`Login form renders correctly for not authorized user 1`] = `
<div>
  <form
    class="login__form form"
  >
    <div
      class="login__input-wrapper form__input-wrapper"
    >
      <label
        class="visually-hidden"
      >
        E-mail
      </label>
      <input
        autocomplete="false"
        class="login__input form__input"
        name="email"
        placeholder="Email"
        required=""
        type="email"
      />
    </div>
    <div
      class="login__input-wrapper form__input-wrapper"
    >
      <label
        class="visually-hidden"
      >
        Password
      </label>
      <input
        autocomplete="false"
        class="login__input form__input"
        name="password"
        placeholder="Password"
        required=""
        type="password"
      />
    </div>
    <button
      class="login__submit form__submit button"
      disabled=""
      type="submit"
    >
      Sign in
    </button>
    <div
      style="margin-top: 30px;"
    >
      Please enter your email and password
    </div>
    <div
      style="margin-top: 30px;"
    />
  </form>
</div>
`;
